[13:43:44] [main/INFO] (FabricLoader/GameProvider) Loading Minecraft 1.21.11 with Fabric Loader 0.18.2
[13:43:44] [main/INFO] (FabricLoader) Loading 51 mods:
	- cwshot 1.0.0
	- fabric-api 0.141.3+1.21.11
	- fabric-api-base 1.0.5+4ebb5c083e
	- fabric-api-lookup-api-v1 1.6.114+20dc27073e
	- fabric-biome-api-v1 17.1.1+4fc5413f3e
	- fabric-block-api-v1 1.1.10+4ebb5c083e
	- fabric-block-view-api-v2 1.0.39+4ebb5c083e
	- fabric-client-gametest-api-v1 4.3.5+bfe9fcf43e
	- fabric-command-api-v2 2.4.7+6b42a6003e
	- fabric-content-registries-v0 10.2.14+4fc5413f3e
	- fabric-convention-tags-v1 2.1.55+7f945d5b3e
	- fabric-convention-tags-v2 2.17.3+8ef948ba3e
	- fabric-crash-report-info-v1 0.3.23+4ebb5c083e
	- fabric-data-attachment-api-v1 1.8.47+eed0806f3e
	- fabric-data-generation-api-v1 23.4.0+69974c4e3e
	- fabric-dimensions-v1 4.0.28+4fc5413f3e
	- fabric-entity-events-v1 3.1.1+1d0ab4303e
	- fabric-events-interaction-v0 4.1.0+3b89ecf63e
	- fabric-game-rule-api-v1 2.0.3+4fc5413f3e
	- fabric-gametest-api-v1 3.1.27+4fc5413f3e
	- fabric-item-api-v1 11.5.20+d0c46b9e3e
	- fabric-item-group-api-v1 4.2.36+4fc5413f3e
	- fabric-key-binding-api-v1 1.1.7+4fc5413f3e
	- fabric-lifecycle-events-v1 2.6.15+4ebb5c083e
	- fabric-loot-api-v2 3.0.73+3f89f5a53e
	- fabric-loot-api-v3 2.0.20+78c8b4663e
	- fabric-message-api-v1 6.1.12+4ebb5c083e
	- fabric-model-loading-api-v1 6.0.15+4fc5413f3e
	- fabric-networking-api-v1 5.1.5+ae1e07683e
	- fabric-object-builder-api-v1 21.1.39+4fc5413f3e
	- fabric-particles-v1 4.2.11+4fc5413f3e
	- fabric-recipe-api-v1 8.2.3+4ebb5c083e
	- fabric-registry-sync-v0 6.2.5+1718722b3e
	- fabric-renderer-api-v1 8.0.3+f4ffd2e53e
	- fabric-renderer-indigo 5.0.3+f4ffd2e53e
	- fabric-rendering-fluids-v1 3.1.43+4ebb5c083e
	- fabric-rendering-v1 16.2.10+0290ad933e
	- fabric-resource-conditions-api-v1 5.0.35+4fc5413f3e
	- fabric-resource-loader-v0 3.3.4+4fc5413f3e
	- fabric-resource-loader-v1 1.0.10+78c8b4663e
	- fabric-screen-api-v1 3.1.7+4ebb5c083e
	- fabric-screen-handler-api-v1 1.3.161+4fc5413f3e
	- fabric-serialization-api-v1 1.0.5+4ebb5c083e
	- fabric-sound-api-v1 1.0.51+4fc5413f3e
	- fabric-tag-api-v1 1.2.20+4fc5413f3e
	- fabric-transfer-api-v1 6.0.25+4fc5413f3e
	- fabric-transitive-access-wideners-v1 7.1.0+014c8cec3e
	- fabricloader 0.18.2
	- java 21
	- minecraft 1.21.11
	- mixinextras 0.5.0
[13:43:44] [main/INFO] (FabricLoader/Mixin) SpongePowered MIXIN Subsystem Version=0.8.7 Source=file:/home/tim/.gradle/caches/modules-2/files-2.1/net.fabricmc/sponge-mixin/0.16.5+mixin.0.8.7/80fc3a9f592673cea87f4cd702f87991c6c9fe4d/sponge-mixin-0.16.5+mixin.0.8.7.jar Service=Knot/Fabric Env=CLIENT
[13:43:44] [main/INFO] (FabricLoader/Mixin) Loaded Fabric development mappings for mixin remapper!
[13:43:44] [main/INFO] (FabricLoader/Mixin) Compatibility level set to JAVA_21
[13:43:45] [main/INFO] (FabricLoader/MixinExtras|Service) Initializing MixinExtras via com.llamalad7.mixinextras.service.MixinExtrasServiceImpl(version=0.5.0).
[13:43:45] [Datafixer Bootstrap/INFO] (Minecraft) 287 Datafixer optimizations took 156 milliseconds
[13:43:47] [Render thread/INFO] (Minecraft) Environment: Environment[sessionHost=https://sessionserver.mojang.com, servicesHost=https://api.minecraftservices.com, profilesHost=https://api.mojang.com, name=PROD]
[13:43:47] [Render thread/INFO] (Minecraft) Setting user: ShotRig
[13:43:47] [Render thread/INFO] (Indigo) [Indigo] Registering Indigo renderer!
[13:43:47] [Render thread/INFO] (cwshot) ShotRig ready: 23 script lines
[13:43:48] [Render thread/INFO] (Minecraft) Backend library: LWJGL version 3.3.3-snapshot
[13:43:48] [Render thread/INFO] (Minecraft) Using optional rendering extensions: GL_ARB_buffer_storage, GL_KHR_debug, GL_ARB_vertex_attrib_binding, GL_ARB_direct_state_access, GL_EXT_texture_filter_anisotropic
[13:43:48] [Render thread/INFO] (Minecraft) Reloading ResourceManager: vanilla, fabric-api, fabric-api-base, fabric-api-lookup-api-v1, fabric-biome-api-v1, fabric-block-api-v1, fabric-block-view-api-v2, fabric-client-gametest-api-v1, fabric-command-api-v2, fabric-content-registries-v0, fabric-convention-tags-v1, fabric-convention-tags-v2, fabric-crash-report-info-v1, fabric-data-attachment-api-v1, fabric-data-generation-api-v1, fabric-dimensions-v1, fabric-entity-events-v1, fabric-events-interaction-v0, fabric-game-rule-api-v1, fabric-gametest-api-v1, fabric-item-api-v1, fabric-item-group-api-v1, fabric-key-binding-api-v1, fabric-lifecycle-events-v1, fabric-loot-api-v2, fabric-loot-api-v3, fabric-message-api-v1, fabric-model-loading-api-v1, fabric-networking-api-v1, fabric-object-builder-api-v1, fabric-particles-v1, fabric-recipe-api-v1, fabric-registry-sync-v0, fabric-renderer-api-v1, fabric-renderer-indigo, fabric-rendering-fluids-v1, fabric-rendering-v1, fabric-resource-conditions-api-v1, fabric-resource-loader-v0, fabric-resource-loader-v1, fabric-screen-api-v1, fabric-screen-handler-api-v1, fabric-serialization-api-v1, fabric-sound-api-v1, fabric-tag-api-v1, fabric-transfer-api-v1, fabric-transitive-access-wideners-v1, fabricloader
[13:43:48] [Worker-Main-20/INFO] (Minecraft) Found unifont_all_no_pua-17.0.01.hex, loading
[13:43:48] [Worker-Main-19/INFO] (Minecraft) Found unifont_pua-17.0.01.hex, loading
[13:43:48] [Worker-Main-5/INFO] (Minecraft) Found unifont_jp_patch-17.0.01.hex, loading
[13:43:48] [Download-1/INFO] (Minecraft) Could not authorize you against Realms server: java.lang.RuntimeException: Failed to parse into SignedJWT: FabricMC
[13:43:49] [Render thread/INFO] (Minecraft) OpenAL initialized on device USB Audio Front Headphones
[13:43:49] [Render thread/INFO] (Minecraft) Sound engine started
[13:43:49] [Render thread/INFO] (Minecraft) Created: 512x256x0 minecraft:textures/atlas/particles.png-atlas
[13:43:49] [Render thread/INFO] (Minecraft) Created: 128x128x0 minecraft:textures/atlas/decorated_pot.png-atlas
[13:43:49] [Render thread/INFO] (Minecraft) Created: 2048x1024x0 minecraft:textures/atlas/armor_trims.png-atlas
[13:43:49] [Render thread/INFO] (Minecraft) Created: 512x256x0 minecraft:textures/atlas/paintings.png-atlas
[13:43:49] [Render thread/INFO] (Minecraft) Created: 1024x512x0 minecraft:textures/atlas/shield_patterns.png-atlas
[13:43:49] [Render thread/INFO] (Minecraft) Created: 2048x2048x4 minecraft:textures/atlas/blocks.png-atlas
[13:43:49] [Render thread/INFO] (Minecraft) Created: 512x512x0 minecraft:textures/atlas/chest.png-atlas
[13:43:49] [Render thread/INFO] (Minecraft) Created: 256x128x0 minecraft:textures/atlas/celestials.png-atlas
[13:43:49] [Render thread/INFO] (Minecraft) Created: 1024x512x0 minecraft:textures/atlas/banner_patterns.png-atlas
[13:43:49] [Render thread/INFO] (Minecraft) Created: 512x512x0 minecraft:textures/atlas/beds.png-atlas
[13:43:49] [Render thread/INFO] (Minecraft) Created: 1024x512x0 minecraft:textures/atlas/items.png-atlas
[13:43:49] [Render thread/INFO] (Minecraft) Created: 1024x1024x0 minecraft:textures/atlas/gui.png-atlas
[13:43:49] [Render thread/INFO] (Minecraft) Created: 128x64x0 minecraft:textures/atlas/map_decorations.png-atlas
[13:43:49] [Render thread/INFO] (Minecraft) Created: 512x256x0 minecraft:textures/atlas/signs.png-atlas
[13:43:49] [Render thread/INFO] (Minecraft) Created: 512x512x0 minecraft:textures/atlas/shulker_boxes.png-atlas
[13:43:49] [IO-Worker-1/INFO] (Minecraft) Could not authorize you against Realms server: java.lang.RuntimeException: Failed to parse into SignedJWT: FabricMC
[13:43:51] [Render thread/INFO] (cwshot) connecting to 127.0.0.1:25607
[13:43:51] [Render thread/INFO] (Minecraft) Connecting to 127.0.0.1, 25607
[13:43:51] [Download-1/ERROR] (Minecraft) Failed to retrieve profile key pair

com.mojang.authlib.exceptions.MinecraftClientHttpException: Status: 401
	at knot//com.mojang.authlib.minecraft.client.MinecraftClient.readInputStream(MinecraftClient.java:103)
	at knot//com.mojang.authlib.minecraft.client.MinecraftClient.post(MinecraftClient.java:64)
	at knot//com.mojang.authlib.yggdrasil.YggdrasilUserApiService.getKeyPair(YggdrasilUserApiService.java:61)
	at knot//net.minecraft.client.multiplayer.AccountProfileKeyPairManager.fetchProfileKeyPair(AccountProfileKeyPairManager.java:128)
	at knot//net.minecraft.client.multiplayer.AccountProfileKeyPairManager.method_44291(AccountProfileKeyPairManager.java:77)
	at java.base/java.util.concurrent.CompletableFuture$AsyncSupply.run(CompletableFuture.java:1768)
	at java.base/java.util.concurrent.ThreadPoolExecutor.runWorker(ThreadPoolExecutor.java:1144)
	at java.base/java.util.concurrent.ThreadPoolExecutor$Worker.run(ThreadPoolExecutor.java:642)
	at java.base/java.lang.Thread.run(Thread.java:1583)
[13:43:53] [Render thread/INFO] (Minecraft) Loaded 2 advancements
[13:43:54] [Render thread/INFO] (Minecraft) Resizing Dynamic Transforms UBO, capacity limit of 2 reached during a single frame. New capacity will be 4.
[13:43:54] [Render thread/INFO] (Minecraft) Resizing Dynamic Transforms UBO, capacity limit of 4 reached during a single frame. New capacity will be 8.
[13:43:54] [Render thread/INFO] (cwshot) script: wait 60
[13:43:54] [Render thread/INFO] (Minecraft) Resizing Dynamic Transforms UBO, capacity limit of 8 reached during a single frame. New capacity will be 16.
[13:43:54] [Render thread/INFO] (Minecraft) Resizing Chunk Sections UBO, capacity limit of 2 reached during a single frame. New capacity will be 8.
[13:43:54] [Render thread/INFO] (Minecraft) Resizing Chunk Sections UBO, capacity limit of 8 reached during a single frame. New capacity will be 16.
[13:43:54] [Render thread/INFO] (Minecraft) Resizing Chunk Sections UBO, capacity limit of 16 reached during a single frame. New capacity will be 32.
[13:43:55] [Render thread/INFO] (Minecraft) Resizing Chunk Sections UBO, capacity limit of 32 reached during a single frame. New capacity will be 64.
[13:43:56] [Render thread/INFO] (Minecraft) Resizing Chunk Sections UBO, capacity limit of 64 reached during a single frame. New capacity will be 128.
[13:43:56] [Render thread/INFO] (cwshot) script: cmd gamemode spectator
[13:43:56] [Render thread/INFO] (Minecraft) [System] [CHAT] Set own game mode to Spectator Mode
[13:43:57] [Render thread/INFO] (cwshot) script: cmd time set 6000
[13:43:57] [Render thread/INFO] (Minecraft) [System] [CHAT] Set the time to 6000
[13:43:57] [Render thread/INFO] (cwshot) script: cmd beyond tp megalake
[13:43:57] [Render thread/INFO] (cwshot) script: wait 200
[13:43:58] [Render thread/INFO] (Minecraft) [System] [CHAT] ShotRig has made the advancement [The End?]
[13:43:58] [Render thread/INFO] (Minecraft) [System] [CHAT] Teleported to beyond:megalake at -3360 65 -3040 (on a landing shard over the void)
[13:43:58] [Render thread/INFO] (Minecraft) Loaded 27 advancements
[13:43:58] [Render thread/INFO] (Minecraft) [System] [CHAT] ShotRig has made the advancement [Deep Water]
[13:43:58] [Render thread/INFO] (Minecraft) Loaded 27 advancements
[13:43:59] [Render thread/INFO] (Minecraft) [System] [CHAT] The Hollow King's throne lies 256 blocks to the east. The purple mark on your locator bar points the way.
[13:44:01] [Render thread/INFO] (Minecraft) Resizing Chunk Sections UBO, capacity limit of 128 reached during a single frame. New capacity will be 256.
[13:44:07] [Render thread/INFO] (cwshot) script: cmd beyond tp glowing_grasslands
[13:44:07] [Render thread/INFO] (cwshot) script: wait 200
[13:44:07] [Render thread/INFO] (Minecraft) [System] [CHAT] Teleported to beyond:glowing_grasslands at -3648 65 -1728 (on a landing shard over the void)
[13:44:17] [Render thread/INFO] (cwshot) script: cmd beyond tp lantern_woods
[13:44:17] [Render thread/INFO] (Minecraft) [System] [CHAT] Teleported to beyond:lantern_woods at -3648 57 -1632
[13:44:17] [Render thread/INFO] (cwshot) script: wait 200
[13:44:28] [Render thread/INFO] (cwshot) script: cmd beyond tp river
[13:44:28] [Render thread/INFO] (Minecraft) [System] [CHAT] Teleported to a river at -3544 59 -1656
[13:44:28] [Render thread/INFO] (cwshot) script: wait 60
[13:44:31] [Render thread/INFO] (cwshot) script: cmd execute in minecraft:the_end run tp @s ~ ~30 ~
[13:44:31] [Render thread/INFO] (Minecraft) [System] [CHAT] Teleported ShotRig to -3543.500000, 91.000000, -1655.500000
[13:44:31] [Render thread/INFO] (cwshot) script: wait 30
[13:44:33] [Render thread/INFO] (cwshot) script: look 0 88
[13:44:33] [Render thread/INFO] (cwshot) script: shot 03_river_topdown
[13:44:33] [Render thread/INFO] (cwshot) script: cmd execute in minecraft:the_end run tp @s ~ ~-18 ~
[13:44:33] [Render thread/INFO] (Minecraft) [System] [CHAT] Teleported ShotRig to -3543.500000, 73.000000, -1655.500000
[13:44:33] [Render thread/INFO] (cwshot) script: wait 30
[13:44:33] [IO-Worker-1/INFO] (cwshot) screenshot Saved screenshot as 03_river_topdown.png
[13:44:34] [Render thread/INFO] (cwshot) script: look 45 60
[13:44:34] [Render thread/INFO] (cwshot) script: shot 04_river_oblique
[13:44:34] [Render thread/INFO] (cwshot) script: look -135 60
[13:44:35] [Render thread/INFO] (cwshot) script: shot 05_river_oblique_back
[13:44:35] [Render thread/INFO] (cwshot) script: wait 10
[13:44:35] [IO-Worker-1/INFO] (cwshot) screenshot Saved screenshot as 04_river_oblique.png
[13:44:35] [IO-Worker-2/INFO] (cwshot) screenshot Saved screenshot as 05_river_oblique_back.png
[13:44:35] [Render thread/INFO] (cwshot) script: quit
[13:44:35] [Render thread/INFO] (Minecraft) Stopping!
